INFO:     Started server process [17480]
INFO:     Waiting for application startup.
INFO:     Application startup complete.
INFO:     Uvicorn running on http://127.0.0.1:8000 (Press CTRL+C to quit)
D:\Anaconda_envs\envs\py3.10\lib\site-packages\jwt\api_jwt.py:147: InsecureKeyLengthWarning: The HMAC key is 20 bytes long, which is below the minimum recommended length of 32 bytes for SHA256. See RFC 7518 Section 3.2.
  return self._jws.encode(
D:\Anaconda_envs\envs\py3.10\lib\site-packages\jwt\api_jwt.py:368: InsecureKeyLengthWarning: The HMAC key is 20 bytes long, which is below the minimum recommended length of 32 bytes for SHA256. See RFC 7518 Section 3.2.
  decoded = self.decode_complete(
Exception in callback _ProactorBasePipeTransport._call_connection_lost(None)
handle: <Handle _ProactorBasePipeTransport._call_connection_lost(None)>
Traceback (most recent call last):
  File "D:\Anaconda_envs\envs\py3.10\lib\asyncio\events.py", line 80, in _run
    self._context.run(self._callback, *self._args)
  File "D:\Anaconda_envs\envs\py3.10\lib\asyncio\proactor_events.py", line 165, in _call_connection_lost
    self._sock.shutdown(socket.SHUT_RDWR)
ConnectionResetError: [WinError 10054] 远程主机强迫关闭了一个现有的连接。
D:\Anaconda_envs\envs\py3.10\lib\site-packages\jwt\api_jwt.py:368: InsecureKeyLengthWarning: The HMAC key is 20 bytes long, which is below the minimum recommended length of 32 bytes for SHA256. See RFC 7518 Section 3.2.
  decoded = self.decode_complete(
D:\Anaconda_envs\envs\py3.10\lib\site-packages\jwt\api_jwt.py:147: InsecureKeyLengthWarning: The HMAC key is 20 bytes long, which is below the minimum recommended length of 32 bytes for SHA256. See RFC 7518 Section 3.2.
  return self._jws.encode(
